// Jest Snapshot v1, https://goo.gl/fbAQLP

exports[`Home should match snapshot 1`] = `
<View
  style={
    Object {
      "alignItems": "center",
      "backgroundColor": "#666363",
      "flex": 1,
      "justifyContent": "center",
    }
  }
>
  <Image
    source={1}
    style={
      Object {
        "height": 450,
        "resizeMode": "stretch",
        "width": 425,
      }
    }
  />
  <View
    accessible={true}
    focusable={true}
    isTVSelectable={true}
    onClick={[Function]}
    onResponderGrant={[Function]}
    onResponderMove={[Function]}
    onResponderRelease={[Function]}
    onResponderTerminate={[Function]}
    onResponderTerminationRequest={[Function]}
    onStartShouldSetResponder={[Function]}
    style={
      Array [
        Object {
          "overflow": "hidden",
        },
        Object {
          "backgroundColor": "#007AFF",
          "borderRadius": 5,
        },
      ]
    }
  >
    <View
      style={
        Array [
          Object {
            "alignItems": "center",
            "flexDirection": "row",
            "justifyContent": "flex-start",
            "padding": 8,
          },
          Object {
            "backgroundColor": "#007AFF",
            "borderRadius": 5,
          },
          Object {
            "backgroundColor": "#A9C344",
          },
        ]
      }
      title="ENTER"
    >
      <Text />
      <Text
        style={
          Object {
            "fontSize": 30,
            "fontWeight": "bold",
          }
        }
      >
        ENTER
      </Text>
    </View>
  </View>
</View>
`;
